[2025-02-12 11:02:44,930: INFO: main: Logging intialized!]
[2025-02-12 11:56:28,738: INFO: main: Logging intialized!]
[2025-02-12 11:56:28,886: INFO: main: stage Data Ingestion stage initiated]
[2025-02-12 11:56:28,888: INFO: common: yaml file: config/config.yaml loaded successfully]
[2025-02-12 11:56:28,889: INFO: common: yaml file: params.yaml loaded successfully]
[2025-02-12 11:56:28,889: ERROR: main: yaml file is empty]
Traceback (most recent call last):
  File "/workspaces/text_summarization/src/textSummarizer/utils/common.py", line 29, in read_yaml
    return ConfigBox(content)
  File "box/box.py", line 259, in box.box.Box.__init__
box.exceptions.BoxValueError: First argument must be mapping or iterable

During handling of the above exception, another exception occurred:

Traceback (most recent call last):
  File "/workspaces/text_summarization/main.py", line 13, in <module>
    data_ingestion_pipeline.initiate_data_ingestion()
  File "/workspaces/text_summarization/src/textSummarizer/pipeline/stage_1_data_ingestion_pipeline.py", line 11, in initiate_data_ingestion
    config=ConfigurationManager()
  File "/workspaces/text_summarization/src/textSummarizer/config/configuration.py", line 11, in __init__
    self.paramss=read_yaml(params_filepath)
  File "/workspaces/text_summarization/venv/lib/python3.10/site-packages/ensure/main.py", line 849, in __call__
    return_val = self.f(*args, **kwargs)
  File "/workspaces/text_summarization/src/textSummarizer/utils/common.py", line 31, in read_yaml
    raise ValueError("yaml file is empty")
ValueError: yaml file is empty
[2025-02-12 11:57:00,125: INFO: main: Logging intialized!]
[2025-02-12 11:57:00,184: INFO: main: stage Data Ingestion stage initiated]
[2025-02-12 11:57:00,186: INFO: common: yaml file: config/config.yaml loaded successfully]
[2025-02-12 11:57:00,186: INFO: common: yaml file: params.yaml loaded successfully]
[2025-02-12 11:57:00,186: INFO: common: created directory at: artifacts]
[2025-02-12 11:57:00,187: INFO: common: created directory at: artifacts/data_ingestion]
[2025-02-12 11:57:01,510: INFO: data_ingestion: File is downloaded]
[2025-02-12 11:57:01,651: INFO: main: Stage Data Ingestion stage Completed]
[2025-02-12 12:03:50,867: INFO: main: Logging intialized!]
[2025-02-12 12:03:57,017: INFO: config: PyTorch version 2.6.0 available.]
[2025-02-12 12:03:57,309: INFO: main: stage Data Ingestion stage initiated]
[2025-02-12 12:03:57,312: INFO: common: yaml file: config/config.yaml loaded successfully]
[2025-02-12 12:03:57,312: INFO: common: yaml file: params.yaml loaded successfully]
[2025-02-12 12:03:57,312: INFO: common: created directory at: artifacts]
[2025-02-12 12:03:57,312: INFO: common: created directory at: artifacts/data_ingestion]
[2025-02-12 12:03:57,312: INFO: data_ingestion: File already exits]
[2025-02-12 12:03:57,446: INFO: main: Stage Data Ingestion stage Completed]
[2025-02-12 12:03:57,446: INFO: main: stage Data Transformation stage initiated]
[2025-02-12 12:03:57,448: INFO: common: yaml file: config/config.yaml loaded successfully]
[2025-02-12 12:03:57,449: INFO: common: yaml file: params.yaml loaded successfully]
[2025-02-12 12:03:57,449: INFO: common: created directory at: artifacts]
[2025-02-12 12:03:57,449: INFO: common: created directory at: artifacts/data_transformation]
[2025-02-12 12:04:06,654: INFO: main: Stage Data Transformation stage Completed]
